  Determining projects to restore...
  All projects are up-to-date for restore.
C:\Users\DanushkaNan\Downloads\EventManagementSystem\Views\Shared\_ValidationScriptsPartial.cshtml(7,16): warning CS8603: Possible null reference return. [C:\Users\DanushkaNan\Downloads\EventManagementSystem\EventManagementSystem.csproj]
C:\Users\DanushkaNan\Downloads\EventManagementSystem\Views\Event\Index.cshtml(27,55): warning CS8602: Dereference of a possibly null reference. [C:\Users\DanushkaNan\Downloads\EventManagementSystem\EventManagementSystem.csproj]
C:\Users\DanushkaNan\Downloads\EventManagementSystem\Views\Review\Index.cshtml(26,50): warning CS8602: Dereference of a possibly null reference. [C:\Users\DanushkaNan\Downloads\EventManagementSystem\EventManagementSystem.csproj]
C:\Users\DanushkaNan\Downloads\EventManagementSystem\Views\Home\Index.cshtml(67,30): warning CS8602: Dereference of a possibly null reference. [C:\Users\DanushkaNan\Downloads\EventManagementSystem\EventManagementSystem.csproj]
C:\Users\DanushkaNan\Downloads\EventManagementSystem\Data\DbSeeder.cs(15,39): error CS0246: The type or namespace name 'Category' could not be found (are you missing a using directive or an assembly reference?) [C:\Users\DanushkaNan\Downloads\EventManagementSystem\EventManagementSystem.csproj]
C:\Users\DanushkaNan\Downloads\EventManagementSystem\Data\DbSeeder.cs(17,21): error CS0246: The type or namespace name 'Category' could not be found (are you missing a using directive or an assembly reference?) [C:\Users\DanushkaNan\Downloads\EventManagementSystem\EventManagementSystem.csproj]
C:\Users\DanushkaNan\Downloads\EventManagementSystem\Data\DbSeeder.cs(18,21): error CS0246: The type or namespace name 'Category' could not be found (are you missing a using directive or an assembly reference?) [C:\Users\DanushkaNan\Downloads\EventManagementSystem\EventManagementSystem.csproj]
C:\Users\DanushkaNan\Downloads\EventManagementSystem\Data\DbSeeder.cs(19,21): error CS0246: The type or namespace name 'Category' could not be found (are you missing a using directive or an assembly reference?) [C:\Users\DanushkaNan\Downloads\EventManagementSystem\EventManagementSystem.csproj]
C:\Users\DanushkaNan\Downloads\EventManagementSystem\Data\DbSeeder.cs(20,21): error CS0246: The type or namespace name 'Category' could not be found (are you missing a using directive or an assembly reference?) [C:\Users\DanushkaNan\Downloads\EventManagementSystem\EventManagementSystem.csproj]
C:\Users\DanushkaNan\Downloads\EventManagementSystem\Data\DbSeeder.cs(21,21): error CS0246: The type or namespace name 'Category' could not be found (are you missing a using directive or an assembly reference?) [C:\Users\DanushkaNan\Downloads\EventManagementSystem\EventManagementSystem.csproj]
C:\Users\DanushkaNan\Downloads\EventManagementSystem\Data\DbSeeder.cs(23,41): error CS1503: Argument 1: cannot convert from 'System.Collections.Generic.List<Category>' to 'EventManagementSystem.Models.Category' [C:\Users\DanushkaNan\Downloads\EventManagementSystem\EventManagementSystem.csproj]
C:\Users\DanushkaNan\Downloads\EventManagementSystem\Data\DbSeeder.cs(27,35): error CS0246: The type or namespace name 'Venue' could not be found (are you missing a using directive or an assembly reference?) [C:\Users\DanushkaNan\Downloads\EventManagementSystem\EventManagementSystem.csproj]
C:\Users\DanushkaNan\Downloads\EventManagementSystem\Data\DbSeeder.cs(29,21): error CS0246: The type or namespace name 'Venue' could not be found (are you missing a using directive or an assembly reference?) [C:\Users\DanushkaNan\Downloads\EventManagementSystem\EventManagementSystem.csproj]
C:\Users\DanushkaNan\Downloads\EventManagementSystem\Data\DbSeeder.cs(40,21): error CS0246: The type or namespace name 'Venue' could not be found (are you missing a using directive or an assembly reference?) [C:\Users\DanushkaNan\Downloads\EventManagementSystem\EventManagementSystem.csproj]
C:\Users\DanushkaNan\Downloads\EventManagementSystem\Data\DbSeeder.cs(51,21): error CS0246: The type or namespace name 'Venue' could not be found (are you missing a using directive or an assembly reference?) [C:\Users\DanushkaNan\Downloads\EventManagementSystem\EventManagementSystem.csproj]
C:\Users\DanushkaNan\Downloads\EventManagementSystem\Data\DbSeeder.cs(62,21): error CS0246: The type or namespace name 'Venue' could not be found (are you missing a using directive or an assembly reference?) [C:\Users\DanushkaNan\Downloads\EventManagementSystem\EventManagementSystem.csproj]
C:\Users\DanushkaNan\Downloads\EventManagementSystem\Data\DbSeeder.cs(74,37): error CS1503: Argument 1: cannot convert from 'System.Collections.Generic.List<Venue>' to 'EventManagementSystem.Models.Venue' [C:\Users\DanushkaNan\Downloads\EventManagementSystem\EventManagementSystem.csproj]
C:\Users\DanushkaNan\Downloads\EventManagementSystem\Data\DbSeeder.cs(78,36): error CS0246: The type or namespace name 'Member' could not be found (are you missing a using directive or an assembly reference?) [C:\Users\DanushkaNan\Downloads\EventManagementSystem\EventManagementSystem.csproj]
C:\Users\DanushkaNan\Downloads\EventManagementSystem\Data\DbSeeder.cs(80,21): error CS0246: The type or namespace name 'Member' could not be found (are you missing a using directive or an assembly reference?) [C:\Users\DanushkaNan\Downloads\EventManagementSystem\EventManagementSystem.csproj]
C:\Users\DanushkaNan\Downloads\EventManagementSystem\Data\DbSeeder.cs(90,21): error CS0246: The type or namespace name 'Member' could not be found (are you missing a using directive or an assembly reference?) [C:\Users\DanushkaNan\Downloads\EventManagementSystem\EventManagementSystem.csproj]
C:\Users\DanushkaNan\Downloads\EventManagementSystem\Data\DbSeeder.cs(100,21): error CS0246: The type or namespace name 'Member' could not be found (are you missing a using directive or an assembly reference?) [C:\Users\DanushkaNan\Downloads\EventManagementSystem\EventManagementSystem.csproj]
C:\Users\DanushkaNan\Downloads\EventManagementSystem\Data\DbSeeder.cs(111,38): error CS1503: Argument 1: cannot convert from 'System.Collections.Generic.List<Member>' to 'EventManagementSystem.Models.Member' [C:\Users\DanushkaNan\Downloads\EventManagementSystem\EventManagementSystem.csproj]
C:\Users\DanushkaNan\Downloads\EventManagementSystem\Data\DbSeeder.cs(115,35): error CS0246: The type or namespace name 'Event' could not be found (are you missing a using directive or an assembly reference?) [C:\Users\DanushkaNan\Downloads\EventManagementSystem\EventManagementSystem.csproj]
C:\Users\DanushkaNan\Downloads\EventManagementSystem\Data\DbSeeder.cs(117,21): error CS0246: The type or namespace name 'Event' could not be found (are you missing a using directive or an assembly reference?) [C:\Users\DanushkaNan\Downloads\EventManagementSystem\EventManagementSystem.csproj]
C:\Users\DanushkaNan\Downloads\EventManagementSystem\Data\DbSeeder.cs(133,21): error CS0246: The type or namespace name 'Event' could not be found (are you missing a using directive or an assembly reference?) [C:\Users\DanushkaNan\Downloads\EventManagementSystem\EventManagementSystem.csproj]
C:\Users\DanushkaNan\Downloads\EventManagementSystem\Data\DbSeeder.cs(149,21): error CS0246: The type or namespace name 'Event' could not be found (are you missing a using directive or an assembly reference?) [C:\Users\DanushkaNan\Downloads\EventManagementSystem\EventManagementSystem.csproj]
C:\Users\DanushkaNan\Downloads\EventManagementSystem\Data\DbSeeder.cs(165,21): error CS0246: The type or namespace name 'Event' could not be found (are you missing a using directive or an assembly reference?) [C:\Users\DanushkaNan\Downloads\EventManagementSystem\EventManagementSystem.csproj]
C:\Users\DanushkaNan\Downloads\EventManagementSystem\Data\DbSeeder.cs(181,21): error CS0246: The type or namespace name 'Event' could not be found (are you missing a using directive or an assembly reference?) [C:\Users\DanushkaNan\Downloads\EventManagementSystem\EventManagementSystem.csproj]
C:\Users\DanushkaNan\Downloads\EventManagementSystem\Data\DbSeeder.cs(197,21): error CS0246: The type or namespace name 'Event' could not be found (are you missing a using directive or an assembly reference?) [C:\Users\DanushkaNan\Downloads\EventManagementSystem\EventManagementSystem.csproj]
C:\Users\DanushkaNan\Downloads\EventManagementSystem\Data\DbSeeder.cs(214,37): error CS1503: Argument 1: cannot convert from 'System.Collections.Generic.List<Event>' to 'EventManagementSystem.Models.Event' [C:\Users\DanushkaNan\Downloads\EventManagementSystem\EventManagementSystem.csproj]
C:\Users\DanushkaNan\Downloads\EventManagementSystem\Data\DbSeeder.cs(218,37): error CS0246: The type or namespace name 'Booking' could not be found (are you missing a using directive or an assembly reference?) [C:\Users\DanushkaNan\Downloads\EventManagementSystem\EventManagementSystem.csproj]
C:\Users\DanushkaNan\Downloads\EventManagementSystem\Data\DbSeeder.cs(220,21): error CS0246: The type or namespace name 'Booking' could not be found (are you missing a using directive or an assembly reference?) [C:\Users\DanushkaNan\Downloads\EventManagementSystem\EventManagementSystem.csproj]
C:\Users\DanushkaNan\Downloads\EventManagementSystem\Data\DbSeeder.cs(230,21): error CS0246: The type or namespace name 'Booking' could not be found (are you missing a using directive or an assembly reference?) [C:\Users\DanushkaNan\Downloads\EventManagementSystem\EventManagementSystem.csproj]
C:\Users\DanushkaNan\Downloads\EventManagementSystem\Data\DbSeeder.cs(241,39): error CS1503: Argument 1: cannot convert from 'System.Collections.Generic.List<Booking>' to 'EventManagementSystem.Models.Booking' [C:\Users\DanushkaNan\Downloads\EventManagementSystem\EventManagementSystem.csproj]
C:\Users\DanushkaNan\Downloads\EventManagementSystem\Data\DbSeeder.cs(245,36): error CS0246: The type or namespace name 'Review' could not be found (are you missing a using directive or an assembly reference?) [C:\Users\DanushkaNan\Downloads\EventManagementSystem\EventManagementSystem.csproj]
C:\Users\DanushkaNan\Downloads\EventManagementSystem\Data\DbSeeder.cs(247,21): error CS0246: The type or namespace name 'Review' could not be found (are you missing a using directive or an assembly reference?) [C:\Users\DanushkaNan\Downloads\EventManagementSystem\EventManagementSystem.csproj]
C:\Users\DanushkaNan\Downloads\EventManagementSystem\Data\DbSeeder.cs(256,21): error CS0246: The type or namespace name 'Review' could not be found (are you missing a using directive or an assembly reference?) [C:\Users\DanushkaNan\Downloads\EventManagementSystem\EventManagementSystem.csproj]
C:\Users\DanushkaNan\Downloads\EventManagementSystem\Data\DbSeeder.cs(266,38): error CS1503: Argument 1: cannot convert from 'System.Collections.Generic.List<Review>' to 'EventManagementSystem.Models.Review' [C:\Users\DanushkaNan\Downloads\EventManagementSystem\EventManagementSystem.csproj]

Build FAILED.

C:\Users\DanushkaNan\Downloads\EventManagementSystem\Views\Shared\_ValidationScriptsPartial.cshtml(7,16): warning CS8603: Possible null reference return. [C:\Users\DanushkaNan\Downloads\EventManagementSystem\EventManagementSystem.csproj]
C:\Users\DanushkaNan\Downloads\EventManagementSystem\Views\Event\Index.cshtml(27,55): warning CS8602: Dereference of a possibly null reference. [C:\Users\DanushkaNan\Downloads\EventManagementSystem\EventManagementSystem.csproj]
C:\Users\DanushkaNan\Downloads\EventManagementSystem\Views\Review\Index.cshtml(26,50): warning CS8602: Dereference of a possibly null reference. [C:\Users\DanushkaNan\Downloads\EventManagementSystem\EventManagementSystem.csproj]
C:\Users\DanushkaNan\Downloads\EventManagementSystem\Views\Home\Index.cshtml(67,30): warning CS8602: Dereference of a possibly null reference. [C:\Users\DanushkaNan\Downloads\EventManagementSystem\EventManagementSystem.csproj]
C:\Users\DanushkaNan\Downloads\EventManagementSystem\Data\DbSeeder.cs(15,39): error CS0246: The type or namespace name 'Category' could not be found (are you missing a using directive or an assembly reference?) [C:\Users\DanushkaNan\Downloads\EventManagementSystem\EventManagementSystem.csproj]
C:\Users\DanushkaNan\Downloads\EventManagementSystem\Data\DbSeeder.cs(17,21): error CS0246: The type or namespace name 'Category' could not be found (are you missing a using directive or an assembly reference?) [C:\Users\DanushkaNan\Downloads\EventManagementSystem\EventManagementSystem.csproj]
C:\Users\DanushkaNan\Downloads\EventManagementSystem\Data\DbSeeder.cs(18,21): error CS0246: The type or namespace name 'Category' could not be found (are you missing a using directive or an assembly reference?) [C:\Users\DanushkaNan\Downloads\EventManagementSystem\EventManagementSystem.csproj]
C:\Users\DanushkaNan\Downloads\EventManagementSystem\Data\DbSeeder.cs(19,21): error CS0246: The type or namespace name 'Category' could not be found (are you missing a using directive or an assembly reference?) [C:\Users\DanushkaNan\Downloads\EventManagementSystem\EventManagementSystem.csproj]
C:\Users\DanushkaNan\Downloads\EventManagementSystem\Data\DbSeeder.cs(20,21): error CS0246: The type or namespace name 'Category' could not be found (are you missing a using directive or an assembly reference?) [C:\Users\DanushkaNan\Downloads\EventManagementSystem\EventManagementSystem.csproj]
C:\Users\DanushkaNan\Downloads\EventManagementSystem\Data\DbSeeder.cs(21,21): error CS0246: The type or namespace name 'Category' could not be found (are you missing a using directive or an assembly reference?) [C:\Users\DanushkaNan\Downloads\EventManagementSystem\EventManagementSystem.csproj]
C:\Users\DanushkaNan\Downloads\EventManagementSystem\Data\DbSeeder.cs(23,41): error CS1503: Argument 1: cannot convert from 'System.Collections.Generic.List<Category>' to 'EventManagementSystem.Models.Category' [C:\Users\DanushkaNan\Downloads\EventManagementSystem\EventManagementSystem.csproj]
C:\Users\DanushkaNan\Downloads\EventManagementSystem\Data\DbSeeder.cs(27,35): error CS0246: The type or namespace name 'Venue' could not be found (are you missing a using directive or an assembly reference?) [C:\Users\DanushkaNan\Downloads\EventManagementSystem\EventManagementSystem.csproj]
C:\Users\DanushkaNan\Downloads\EventManagementSystem\Data\DbSeeder.cs(29,21): error CS0246: The type or namespace name 'Venue' could not be found (are you missing a using directive or an assembly reference?) [C:\Users\DanushkaNan\Downloads\EventManagementSystem\EventManagementSystem.csproj]
C:\Users\DanushkaNan\Downloads\EventManagementSystem\Data\DbSeeder.cs(40,21): error CS0246: The type or namespace name 'Venue' could not be found (are you missing a using directive or an assembly reference?) [C:\Users\DanushkaNan\Downloads\EventManagementSystem\EventManagementSystem.csproj]
C:\Users\DanushkaNan\Downloads\EventManagementSystem\Data\DbSeeder.cs(51,21): error CS0246: The type or namespace name 'Venue' could not be found (are you missing a using directive or an assembly reference?) [C:\Users\DanushkaNan\Downloads\EventManagementSystem\EventManagementSystem.csproj]
C:\Users\DanushkaNan\Downloads\EventManagementSystem\Data\DbSeeder.cs(62,21): error CS0246: The type or namespace name 'Venue' could not be found (are you missing a using directive or an assembly reference?) [C:\Users\DanushkaNan\Downloads\EventManagementSystem\EventManagementSystem.csproj]
C:\Users\DanushkaNan\Downloads\EventManagementSystem\Data\DbSeeder.cs(74,37): error CS1503: Argument 1: cannot convert from 'System.Collections.Generic.List<Venue>' to 'EventManagementSystem.Models.Venue' [C:\Users\DanushkaNan\Downloads\EventManagementSystem\EventManagementSystem.csproj]
C:\Users\DanushkaNan\Downloads\EventManagementSystem\Data\DbSeeder.cs(78,36): error CS0246: The type or namespace name 'Member' could not be found (are you missing a using directive or an assembly reference?) [C:\Users\DanushkaNan\Downloads\EventManagementSystem\EventManagementSystem.csproj]
C:\Users\DanushkaNan\Downloads\EventManagementSystem\Data\DbSeeder.cs(80,21): error CS0246: The type or namespace name 'Member' could not be found (are you missing a using directive or an assembly reference?) [C:\Users\DanushkaNan\Downloads\EventManagementSystem\EventManagementSystem.csproj]
C:\Users\DanushkaNan\Downloads\EventManagementSystem\Data\DbSeeder.cs(90,21): error CS0246: The type or namespace name 'Member' could not be found (are you missing a using directive or an assembly reference?) [C:\Users\DanushkaNan\Downloads\EventManagementSystem\EventManagementSystem.csproj]
C:\Users\DanushkaNan\Downloads\EventManagementSystem\Data\DbSeeder.cs(100,21): error CS0246: The type or namespace name 'Member' could not be found (are you missing a using directive or an assembly reference?) [C:\Users\DanushkaNan\Downloads\EventManagementSystem\EventManagementSystem.csproj]
C:\Users\DanushkaNan\Downloads\EventManagementSystem\Data\DbSeeder.cs(111,38): error CS1503: Argument 1: cannot convert from 'System.Collections.Generic.List<Member>' to 'EventManagementSystem.Models.Member' [C:\Users\DanushkaNan\Downloads\EventManagementSystem\EventManagementSystem.csproj]
C:\Users\DanushkaNan\Downloads\EventManagementSystem\Data\DbSeeder.cs(115,35): error CS0246: The type or namespace name 'Event' could not be found (are you missing a using directive or an assembly reference?) [C:\Users\DanushkaNan\Downloads\EventManagementSystem\EventManagementSystem.csproj]
C:\Users\DanushkaNan\Downloads\EventManagementSystem\Data\DbSeeder.cs(117,21): error CS0246: The type or namespace name 'Event' could not be found (are you missing a using directive or an assembly reference?) [C:\Users\DanushkaNan\Downloads\EventManagementSystem\EventManagementSystem.csproj]
C:\Users\DanushkaNan\Downloads\EventManagementSystem\Data\DbSeeder.cs(133,21): error CS0246: The type or namespace name 'Event' could not be found (are you missing a using directive or an assembly reference?) [C:\Users\DanushkaNan\Downloads\EventManagementSystem\EventManagementSystem.csproj]
C:\Users\DanushkaNan\Downloads\EventManagementSystem\Data\DbSeeder.cs(149,21): error CS0246: The type or namespace name 'Event' could not be found (are you missing a using directive or an assembly reference?) [C:\Users\DanushkaNan\Downloads\EventManagementSystem\EventManagementSystem.csproj]
C:\Users\DanushkaNan\Downloads\EventManagementSystem\Data\DbSeeder.cs(165,21): error CS0246: The type or namespace name 'Event' could not be found (are you missing a using directive or an assembly reference?) [C:\Users\DanushkaNan\Downloads\EventManagementSystem\EventManagementSystem.csproj]
C:\Users\DanushkaNan\Downloads\EventManagementSystem\Data\DbSeeder.cs(181,21): error CS0246: The type or namespace name 'Event' could not be found (are you missing a using directive or an assembly reference?) [C:\Users\DanushkaNan\Downloads\EventManagementSystem\EventManagementSystem.csproj]
C:\Users\DanushkaNan\Downloads\EventManagementSystem\Data\DbSeeder.cs(197,21): error CS0246: The type or namespace name 'Event' could not be found (are you missing a using directive or an assembly reference?) [C:\Users\DanushkaNan\Downloads\EventManagementSystem\EventManagementSystem.csproj]
C:\Users\DanushkaNan\Downloads\EventManagementSystem\Data\DbSeeder.cs(214,37): error CS1503: Argument 1: cannot convert from 'System.Collections.Generic.List<Event>' to 'EventManagementSystem.Models.Event' [C:\Users\DanushkaNan\Downloads\EventManagementSystem\EventManagementSystem.csproj]
C:\Users\DanushkaNan\Downloads\EventManagementSystem\Data\DbSeeder.cs(218,37): error CS0246: The type or namespace name 'Booking' could not be found (are you missing a using directive or an assembly reference?) [C:\Users\DanushkaNan\Downloads\EventManagementSystem\EventManagementSystem.csproj]
C:\Users\DanushkaNan\Downloads\EventManagementSystem\Data\DbSeeder.cs(220,21): error CS0246: The type or namespace name 'Booking' could not be found (are you missing a using directive or an assembly reference?) [C:\Users\DanushkaNan\Downloads\EventManagementSystem\EventManagementSystem.csproj]
C:\Users\DanushkaNan\Downloads\EventManagementSystem\Data\DbSeeder.cs(230,21): error CS0246: The type or namespace name 'Booking' could not be found (are you missing a using directive or an assembly reference?) [C:\Users\DanushkaNan\Downloads\EventManagementSystem\EventManagementSystem.csproj]
C:\Users\DanushkaNan\Downloads\EventManagementSystem\Data\DbSeeder.cs(241,39): error CS1503: Argument 1: cannot convert from 'System.Collections.Generic.List<Booking>' to 'EventManagementSystem.Models.Booking' [C:\Users\DanushkaNan\Downloads\EventManagementSystem\EventManagementSystem.csproj]
C:\Users\DanushkaNan\Downloads\EventManagementSystem\Data\DbSeeder.cs(245,36): error CS0246: The type or namespace name 'Review' could not be found (are you missing a using directive or an assembly reference?) [C:\Users\DanushkaNan\Downloads\EventManagementSystem\EventManagementSystem.csproj]
C:\Users\DanushkaNan\Downloads\EventManagementSystem\Data\DbSeeder.cs(247,21): error CS0246: The type or namespace name 'Review' could not be found (are you missing a using directive or an assembly reference?) [C:\Users\DanushkaNan\Downloads\EventManagementSystem\EventManagementSystem.csproj]
C:\Users\DanushkaNan\Downloads\EventManagementSystem\Data\DbSeeder.cs(256,21): error CS0246: The type or namespace name 'Review' could not be found (are you missing a using directive or an assembly reference?) [C:\Users\DanushkaNan\Downloads\EventManagementSystem\EventManagementSystem.csproj]
C:\Users\DanushkaNan\Downloads\EventManagementSystem\Data\DbSeeder.cs(266,38): error CS1503: Argument 1: cannot convert from 'System.Collections.Generic.List<Review>' to 'EventManagementSystem.Models.Review' [C:\Users\DanushkaNan\Downloads\EventManagementSystem\EventManagementSystem.csproj]
    4 Warning(s)
    34 Error(s)

Time Elapsed 00:00:02.66
